// Jest Snapshot v1, https://goo.gl/fbAQLP

exports[`SocialIcon should render 1`] = `
<div>
  <a
    class="icon brands fa-twitter"
    href="https://twitter.com/usesrname"
    rel="noopener noreferrer"
    target="_blank"
  >
    <span
      class="label"
    >
      Twitter
    </span>
  </a>
</div>
`;
